Microchip MPLAB XC8 Compiler V2.32

Linker command line:

-W-3 --edf=C:\Program Files\Microchip\xc8\v2.32\pic\dat\en_msgs.txt -cn \
  -h+dist/default/production\MQESTADOS_FuncaoPONTEIRO.X.production.sym \
  --cmf=dist/default/production\MQESTADOS_FuncaoPONTEIRO.X.production.cmf \
  -z -Q16F887 -oC:\Users\Pedro\AppData\Local\Temp\xcAs7qc.4 \
  --defsym=__MPLAB_BUILD=1 \
  -Mdist/default/production/MQESTADOS_FuncaoPONTEIRO.X.production.map -E1 \
  -ver=XC8 Compiler --acfsm=1493 -ASTACK=0110h-016Fh -pstack=STACK \
  -ACODE=00h-07FFhx4 -ASTRCODE=00h-01FFFh -ASTRING=00h-0FFhx32 \
  -ACONST=00h-0FFhx32 -AENTRY=00h-0FFhx32 -ACOMMON=070h-07Fh \
  -ABANK0=020h-06Fh -ABANK1=0A0h-0EFh -ABANK2=0110h-016Fh \
  -ABANK3=0190h-01EFh -ARAM=020h-06Fh,0A0h-0EFh,0110h-016Fh,0190h-01EFh \
  -AABS1=020h-07Fh,0A0h-0EFh,0110h-016Fh,0190h-01EFh -ASFR0=00h-01Fh \
  -ASFR1=080h-09Fh -ASFR2=0100h-010Fh -ASFR3=0180h-018Fh \
  -ACONFIG=02007h-02008h -DCONFIG=2 -AIDLOC=02000h-02003h -DIDLOC=2 \
  -AEEDATA=00h-0FFh/02100h -peeprom_data=EEDATA -DEEDATA=2 -DCODE=2 \
  -DSTRCODE=2 -DSTRING=2 -DCONST=2 -DENTRY=2 \
  -preset_vec=00h,intentry,init,end_init -ppowerup=CODE -pcinit=CODE \
  -pfunctab=ENTRY -k C:\Users\Pedro\AppData\Local\Temp\xcAs7qc.o \
  dist/default/production\MQESTADOS_FuncaoPONTEIRO.X.production.o 

Object code version is 3.11

Machine type is 16F887



                Name                               Link     Load   Length Selector   Space Scale
C:\Users\Pedro\AppData\Local\Temp\xcAs7qc.o
                end_init                              0        0        3        0       0
                config                             2007     2007        2        0       4
dist/default/production\MQESTADOS_FuncaoPONTEIRO.X.production.o
                cinit                               7ED      7ED       13      FDA       0
                functab                               3        3       18        6       0
                config                             2007     2007        2        0       4
                text11                              779      779       74      EF2       0
                text10                              61A      61A       11      C34       0
                text9                               70F      70F       32      E1E       0
                text8                               6E4      6E4       2B      DC8       0
                text7                               62B      62B       13      C56       0
                text6                               741      741       38      E82       0
                text5                               651      651       15      CA2       0
                text4                               67C      67C       1A      CF8       0
                text3                               696      696       1A      D2C       0
                text2                               6B0      6B0       1A      D60       0
                text1                               6CA      6CA       1A      D94       0
                maintext                            666      666       16      CCC       0
                cstackCOMMON                         70       70        A       70       1
                inittext                            63E      63E       13      C7C       0
                dataBANK0                            20       20        7       20       1
                bssCOMMON                            7A       7A        1       70       1
                strings                              1B       1B       5A       36       0
                idataBANK0                          613      613        7      C26       0

TOTAL           Name                               Link     Load   Length     Space
        CLASS   STACK          

        CLASS   CODE           
                end_init                              0        0        3         0
                cinit                               7ED      7ED       13         0
                text11                              779      779       74         0
                text10                              61A      61A       11         0
                text9                               70F      70F       32         0
                text8                               6E4      6E4       2B         0
                text7                               62B      62B       13         0
                text6                               741      741       38         0
                text5                               651      651       15         0
                text4                               67C      67C       1A         0
                text3                               696      696       1A         0
                text2                               6B0      6B0       1A         0
                text1                               6CA      6CA       1A         0
                maintext                            666      666       16         0
                inittext                            63E      63E       13         0
                idataBANK0                          613      613        7         0

        CLASS   STRCODE        

        CLASS   STRING         
                strings                              1B       1B       5A         0

        CLASS   CONST          

        CLASS   ENTRY          
                functab                               3        3       18         0

        CLASS   COMMON         
                cstackCOMMON                         70       70        A         1
                bssCOMMON                            7A       7A        1         1

        CLASS   BANK0          
                dataBANK0                            20       20        7         1

        CLASS   BANK1          

        CLASS   BANK2          

        CLASS   BANK3          

        CLASS   RAM            

        CLASS   ABS1           
                abs_s1                               7E       7E        2         1

        CLASS   SFR0           

        CLASS   SFR1           

        CLASS   SFR2           

        CLASS   SFR3           

        CLASS   CONFIG         
                config                             2007     2007        2         4

        CLASS   IDLOC          

        CLASS   EEDATA         



SEGMENTS        Name                           Load    Length   Top    Selector   Space  Class     Delta

                reset_vec                      000000  000003  000003         0       0  CODE        2
                functab                        000003  000018  00001B         6       0  ENTRY       2
                dataBANK0                      000020  000007  000027        20       1  BANK0       1
                strings                        00001B  00005A  000075        36       0  STRING      2
                cstackCOMMON                   000070  00000B  00007B        70       1  COMMON      1
                idataBANK0                     000613  000007  00061A       C26       0  CODE        2
                text10                         00061A  000011  00062B       C34       0  CODE        2
                text7                          00062B  000013  00063E       C56       0  CODE        2
                inittext                       00063E  000013  000651       C7C       0  CODE        2
                text5                          000651  000015  000666       CA2       0  CODE        2
                maintext                       000666  000016  00067C       CCC       0  CODE        2
                text4                          00067C  00001A  000696       CF8       0  CODE        2
                text3                          000696  00001A  0006B0       D2C       0  CODE        2
                text2                          0006B0  00001A  0006CA       D60       0  CODE        2
                text1                          0006CA  00001A  0006E4       D94       0  CODE        2
                text8                          0006E4  00002B  00070F       DC8       0  CODE        2
                text9                          00070F  000032  000741       E1E       0  CODE        2
                text6                          000741  000038  000779       E82       0  CODE        2
                text11                         000779  000074  0007ED       EF2       0  CODE        2
                cinit                          0007ED  000013  000800       FDA       0  CODE        2


UNUSED ADDRESS RANGES

        Name                Unused          Largest block    Delta
        BANK0            0027-006F             49           1
        BANK1            00A0-00EF             50           1
        BANK2            0110-016F             60           1
        BANK3            0190-01EF             60           1
        CODE             0075-0612            59E           2
                         0800-1FFF            800
        COMMON           007B-007D              3           1
        CONST            0075-0612            100           2
                         0800-1FFF            100
        EEDATA           2100-21FF            100           2
        ENTRY            0075-0612            100           2
                         0800-1FFF            100
        IDLOC            2000-2003              4           2
        RAM              0027-006F             49           1
                         00A0-00EF             50
                         0110-016F             60
                         0190-01EF             60
        SFR0             0000-001F             20           1
        SFR1             0080-009F             20           1
        SFR2             0100-010F             10           1
        SFR3             0180-018F             10           1
        STACK            0110-016F             60           1
        STRCODE          0075-0612            59E           2
                         0800-1FFF           1800
        STRING           0075-0612            100           2
                         0800-1FFF            100

                                  Symbol Table

LCD_str@str               cstackCOMMON 0076
_ANSELH                   (abs)        0189
_LCD_Texto                (abs)        0000
_LCD_init                 text9        070F
_LCD_num                  (abs)        0000
_LCD_str                  text6        0741
_LCDbits                  (abs)        0008
_OPTION_REGbits           (abs)        0081
_PORTB                    (abs)        0006
_TRISB                    (abs)        0086
_TRISDbits                (abs)        0088
_WPUB                     (abs)        0095
__Habs1                   abs1         0036
__Hbank0                  bank0        0036
__Hbank1                  bank1        0036
__Hbank2                  bank2        0036
__Hbank3                  bank3        0036
__HbssCOMMON              bssCOMMON    0036
__Hcinit                  cinit        0800
__Hclrtext                clrtext      0036
__Hcode                   code         0036
__Hcommon                 common       0036
__Hconfig                 config       2009
__HcstackCOMMON           cstackCOMMON 0036
__HdataBANK0              dataBANK0    0036
__Heeprom_data            eeprom_data  0000
__Hend_init               end_init     0003
__Hfunctab                functab      001B
__HidataBANK0             idataBANK0   0036
__Hinit                   init         0000
__Hinittext               inittext     0036
__Hintentry               intentry     0000
__Hmaintext               maintext     0036
__Hpowerup                powerup      0000
__Hram                    ram          0036
__Hreset_vec              reset_vec    0000
__Hsfr0                   sfr0         0036
__Hsfr1                   sfr1         0036
__Hsfr2                   sfr2         0036
__Hsfr3                   sfr3         0036
__Hspace_0                (abs)        0800
__Hspace_1                (abs)        007B
__Hspace_2                (abs)        0000
__Hspace_3                (abs)        0000
__Hspace_4                (abs)        4010
__Hstack                  stack        0000
__Hstrings                strings      0036
__Htext                   text         0036
__Labs1                   abs1         0036
__Lbank0                  bank0        0036
__Lbank1                  bank1        0036
__Lbank2                  bank2        0036
__Lbank3                  bank3        0036
__LbssCOMMON              bssCOMMON    0036
__Lcinit                  cinit        07ED
__Lclrtext                clrtext      0036
__Lcode                   code         0036
__Lcommon                 common       0036
__Lconfig                 config       0000
__LcstackCOMMON           cstackCOMMON 0036
__LdataBANK0              dataBANK0    0036
__Leeprom_data            eeprom_data  0000
__Lend_init               end_init     0000
__Lfunctab                functab      0003
__LidataBANK0             idataBANK0   0036
__Linit                   init         0000
__Linittext               inittext     0036
__Lintentry               intentry     0000
__Lmaintext               maintext     0036
__Lpowerup                powerup      0000
__Lram                    ram          0036
__Lreset_vec              reset_vec    0000
__Lsfr0                   sfr0         0036
__Lsfr1                   sfr1         0036
__Lsfr2                   sfr2         0036
__Lsfr3                   sfr3         0036
__Lspace_0                (abs)        0000
__Lspace_1                (abs)        0000
__Lspace_2                (abs)        0000
__Lspace_3                (abs)        0000
__Lspace_4                (abs)        0000
__Lstack                  stack        0000
__Lstrings                strings      0036
__Ltext                   text         0036
__S0                      (abs)        0800
__S1                      (abs)        007B
__S2                      (abs)        0000
__S3                      (abs)        0000
___int_sp                 stack        0000
___latbits                (abs)        0002
___sp                     stack        0000
___stackhi                (abs)        0000
___stacklo                (abs)        0000
__end_of_LCD_init         text9        0741
__end_of_LCD_str          text6        0779
__end_of__fptable         functab      001B
__end_of__initialization  cinit        07FC
__end_of__stringtab       strings      0021
__end_of_delay            text5        0666
__end_of_dispLCD_dataReg  text8        070F
__end_of_dispLCD_instReg  text11       07ED
__end_of_dispLCD_lincol   text7        063E
__end_of_estado_0         text1        06E4
__end_of_estado_1         text3        06B0
__end_of_estado_2         text2        06CA
__end_of_estado_3         text4        0696
__end_of_keyboard_init    text10       062B
__end_of_main             maintext     067C
__end_of_tecladoMatriz    strings      0031
__fptable                 functab      0003
__initialization          cinit        07ED
__pbssCOMMON              bssCOMMON    007A
__pcstackCOMMON           cstackCOMMON 0070
__pdataBANK0              dataBANK0    0020
__pfunctab                functab      0003
__pidataBANK0             idataBANK0   0613
__pmaintext               maintext     0666
__pstrings                strings      001B
__ptext1                  text1        06CA
__ptext10                 text10       061A
__ptext11                 text11       0779
__ptext2                  text2        06B0
__ptext3                  text3        0696
__ptext4                  text4        067C
__ptext5                  text5        0651
__ptext6                  text6        0741
__ptext7                  text7        062B
__ptext8                  text8        06E4
__ptext9                  text9        070F
__size_of_LCD_init        (abs)        0000
__size_of_LCD_str         (abs)        0000
__size_of__fptable        (abs)        0000
__size_of_delay           (abs)        0000
__size_of_dispLCD_dataReg (abs)        0000
__size_of_dispLCD_instReg (abs)        0000
__size_of_dispLCD_lincol  (abs)        0000
__size_of_estado_0        (abs)        0000
__size_of_estado_1        (abs)        0000
__size_of_estado_2        (abs)        0000
__size_of_estado_3        (abs)        0000
__size_of_keyboard_init   (abs)        0000
__size_of_main            (abs)        0000
__stringbase              strings      0020
__stringtab               strings      001B
_delay                    text5        0651
_dispLCD_clr              (abs)        0000
_dispLCD_dataReg          text8        06E4
_dispLCD_instReg          text11       0779
_dispLCD_lincol           text7        062B
_estado_0                 text1        06CA
_estado_1                 text3        0696
_estado_2                 text2        06B0
_estado_3                 text4        067C
_keyboard_init            text10       061A
_lcd_b0                   (abs)        0000
_lcd_b1                   (abs)        0000
_main                     maintext     0666
_ponteiro                 bssCOMMON    007A
_print                    dataBANK0    0020
_tecladoMatriz            strings      0021
btemp                     (abs)        007E
delay@t                   cstackCOMMON 0070
dispLCD_dataReg@d         cstackCOMMON 0071
dispLCD_instReg@i         cstackCOMMON 0072
dispLCD_lincol@col        cstackCOMMON 0073
dispLCD_lincol@lin        cstackCOMMON 0075
end_of_initialization     cinit        07FC
fpbase                    functab      0008
fptable                   functab      0003
fptotal                   (abs)        000D
init_fetch0               inittext     063E
init_ram0                 inittext     0642
intlevel0                 functab      0003
intlevel1                 functab      0003
intlevel2                 functab      0003
intlevel3                 functab      0003
intlevel4                 functab      0003
intlevel5                 functab      0003
reset_vec                 reset_vec    0000
start                     init         0000
start_initialization      cinit        07ED
wtemp0                    (abs)        007E


MODULE INFORMATION

Module		Function		Class		Link	Load	Size
delay.c
		_delay         		CODE           	0651	0000	21

delay.c estimated size: 21

shared
		__stringtab    		STRING         	001B	0000	6
		__initialization		CODE           	07ED	0000	15
		_tecladoMatriz 		STRING         	0021	0000	16
		__fptable      		ENTRY          	0003	0000	24

shared estimated size: 61

main.c
		_main          		CODE           	0666	0000	22
		_estado_0      		CODE           	06CA	0000	26
		_estado_1      		CODE           	0696	0000	26
		_estado_2      		CODE           	06B0	0000	26
		_estado_3      		CODE           	067C	0000	26

main.c estimated size: 126

dispLCD4vias.c
		_dispLCD_lincol		CODE           	062B	0000	19
		_dispLCD_dataReg		CODE           	06E4	0000	43
		_dispLCD_instReg		CODE           	0779	0000	116
		_LCD_str       		CODE           	0741	0000	56
		_LCD_init      		CODE           	070F	0000	50

dispLCD4vias.c estimated size: 284

keyboard.c
		_keyboard_init 		CODE           	061A	0000	17

keyboard.c estimated size: 17

